// Jest Snapshot v1, https://goo.gl/fbAQLP

exports[`CustomerApp renders correctly 1`] = `
<div
  class="row no-gutters"
>
  <aside
    class="sidebar col-md-3"
  >
    <div
      class="sidebar__area"
    >
      Sidebar
    </div>
  </aside>
  <section
    class="col-md-9"
  >
    <div
      class="top-panel"
    >
      <button
        class="top-panel__add-block-btn btn btn-success"
        type="button"
      >
        Добавить блок
      </button>
    </div>
    <section
      class="main-container"
    />
  </section>
</div>
`;
